[2023-07-26T10:28:13.699+0530][gc,heap] Heap region size: 1M
[2023-07-26T10:28:13.713+0530][gc     ] Using G1
[2023-07-26T10:28:13.713+0530][gc,heap,coops] Heap address: 0x00000000c0000000, size: 1024 MB, Compressed Oops mode: 32-bit
[2023-07-26T10:28:15.276+0530][gc,start     ] GC(0) Pause Young (Concurrent Start) (Metadata GC Threshold)
[2023-07-26T10:28:15.276+0530][gc,task      ] GC(0) Using 4 workers of 4 for evacuation
[2023-07-26T10:28:15.286+0530][gc,phases    ] GC(0)   Pre Evacuate Collection Set: 0.0ms
[2023-07-26T10:28:15.286+0530][gc,phases    ] GC(0)   Evacuate Collection Set: 8.8ms
[2023-07-26T10:28:15.286+0530][gc,phases    ] GC(0)   Post Evacuate Collection Set: 0.5ms
[2023-07-26T10:28:15.286+0530][gc,phases    ] GC(0)   Other: 0.7ms
[2023-07-26T10:28:15.286+0530][gc,heap      ] GC(0) Eden regions: 46->0(44)
[2023-07-26T10:28:15.286+0530][gc,heap      ] GC(0) Survivor regions: 0->7(7)
[2023-07-26T10:28:15.286+0530][gc,heap      ] GC(0) Old regions: 0->0
[2023-07-26T10:28:15.286+0530][gc,heap      ] GC(0) Humongous regions: 0->0
[2023-07-26T10:28:15.286+0530][gc,metaspace ] GC(0) Metaspace: 20767K->20767K(1069056K)
[2023-07-26T10:28:15.286+0530][gc           ] GC(0) Pause Young (Concurrent Start) (Metadata GC Threshold) 46M->6M(1024M) 10.112ms
[2023-07-26T10:28:15.286+0530][gc,cpu       ] GC(0) User=0.02s Sys=0.00s Real=0.00s
[2023-07-26T10:28:15.286+0530][gc           ] GC(1) Concurrent Cycle
[2023-07-26T10:28:15.286+0530][gc,marking   ] GC(1) Concurrent Clear Claimed Marks
[2023-07-26T10:28:15.286+0530][gc,marking   ] GC(1) Concurrent Clear Claimed Marks 0.038ms
[2023-07-26T10:28:15.286+0530][gc,marking   ] GC(1) Concurrent Scan Root Regions
[2023-07-26T10:28:15.290+0530][gc,marking   ] GC(1) Concurrent Scan Root Regions 3.963ms
[2023-07-26T10:28:15.290+0530][gc,marking   ] GC(1) Concurrent Mark (1.616s)
[2023-07-26T10:28:15.290+0530][gc,marking   ] GC(1) Concurrent Mark From Roots
[2023-07-26T10:28:15.290+0530][gc,task      ] GC(1) Using 1 workers of 1 for marking
[2023-07-26T10:28:15.292+0530][gc,marking   ] GC(1) Concurrent Mark From Roots 1.729ms
[2023-07-26T10:28:15.292+0530][gc,marking   ] GC(1) Concurrent Preclean
[2023-07-26T10:28:15.292+0530][gc,marking   ] GC(1) Concurrent Preclean 0.122ms
[2023-07-26T10:28:15.292+0530][gc,marking   ] GC(1) Concurrent Mark (1.616s, 1.618s) 1.935ms
[2023-07-26T10:28:15.292+0530][gc,start     ] GC(1) Pause Remark
[2023-07-26T10:28:15.296+0530][gc,stringtable] GC(1) Cleaned string and symbol table, strings: 7366 processed, 0 removed, symbols: 65325 processed, 31 removed
[2023-07-26T10:28:15.296+0530][gc            ] GC(1) Pause Remark 7M->7M(1024M) 3.847ms
[2023-07-26T10:28:15.296+0530][gc,cpu        ] GC(1) User=0.01s Sys=0.00s Real=0.01s
[2023-07-26T10:28:15.296+0530][gc,marking    ] GC(1) Concurrent Rebuild Remembered Sets
[2023-07-26T10:28:15.296+0530][gc,marking    ] GC(1) Concurrent Rebuild Remembered Sets 0.103ms
[2023-07-26T10:28:15.296+0530][gc,start      ] GC(1) Pause Cleanup
[2023-07-26T10:28:15.296+0530][gc            ] GC(1) Pause Cleanup 7M->7M(1024M) 0.376ms
[2023-07-26T10:28:15.296+0530][gc,cpu        ] GC(1) User=0.00s Sys=0.00s Real=0.00s
[2023-07-26T10:28:15.297+0530][gc,marking    ] GC(1) Concurrent Cleanup for Next Mark
[2023-07-26T10:28:15.316+0530][gc,marking    ] GC(1) Concurrent Cleanup for Next Mark 19.528ms
[2023-07-26T10:28:15.316+0530][gc            ] GC(1) Concurrent Cycle 30.277ms
[2023-07-26T10:28:16.397+0530][gc,start      ] GC(2) Pause Young (Normal) (G1 Evacuation Pause)
[2023-07-26T10:28:16.397+0530][gc,task       ] GC(2) Using 4 workers of 4 for evacuation
[2023-07-26T10:28:16.411+0530][gc,phases     ] GC(2)   Pre Evacuate Collection Set: 0.0ms
[2023-07-26T10:28:16.411+0530][gc,phases     ] GC(2)   Evacuate Collection Set: 13.1ms
[2023-07-26T10:28:16.411+0530][gc,phases     ] GC(2)   Post Evacuate Collection Set: 1.3ms
[2023-07-26T10:28:16.411+0530][gc,phases     ] GC(2)   Other: 0.2ms
[2023-07-26T10:28:16.412+0530][gc,heap       ] GC(2) Eden regions: 44->0(48)
[2023-07-26T10:28:16.412+0530][gc,heap       ] GC(2) Survivor regions: 7->3(7)
[2023-07-26T10:28:16.412+0530][gc,heap       ] GC(2) Old regions: 0->7
[2023-07-26T10:28:16.412+0530][gc,heap       ] GC(2) Humongous regions: 129->129
[2023-07-26T10:28:16.412+0530][gc,metaspace  ] GC(2) Metaspace: 29553K->29553K(1077248K)
[2023-07-26T10:28:16.412+0530][gc            ] GC(2) Pause Young (Normal) (G1 Evacuation Pause) 179M->137M(1024M) 14.732ms
[2023-07-26T10:28:16.412+0530][gc,cpu        ] GC(2) User=0.04s Sys=0.00s Real=0.01s
[2023-07-26T10:28:17.015+0530][gc,start      ] GC(3) Pause Young (Concurrent Start) (Metadata GC Threshold)
[2023-07-26T10:28:17.016+0530][gc,task       ] GC(3) Using 4 workers of 4 for evacuation
[2023-07-26T10:28:17.022+0530][gc,phases     ] GC(3)   Pre Evacuate Collection Set: 0.1ms
[2023-07-26T10:28:17.022+0530][gc,phases     ] GC(3)   Evacuate Collection Set: 6.3ms
[2023-07-26T10:28:17.022+0530][gc,phases     ] GC(3)   Post Evacuate Collection Set: 0.4ms
[2023-07-26T10:28:17.022+0530][gc,phases     ] GC(3)   Other: 0.2ms
[2023-07-26T10:28:17.022+0530][gc,heap       ] GC(3) Eden regions: 28->0(48)
[2023-07-26T10:28:17.022+0530][gc,heap       ] GC(3) Survivor regions: 3->3(7)
[2023-07-26T10:28:17.023+0530][gc,heap       ] GC(3) Old regions: 7->7
[2023-07-26T10:28:17.023+0530][gc,heap       ] GC(3) Humongous regions: 129->129
[2023-07-26T10:28:17.023+0530][gc,metaspace  ] GC(3) Metaspace: 34828K->34828K(1081344K)
[2023-07-26T10:28:17.023+0530][gc            ] GC(3) Pause Young (Concurrent Start) (Metadata GC Threshold) 165M->138M(1024M) 7.095ms
[2023-07-26T10:28:17.023+0530][gc,cpu        ] GC(3) User=0.02s Sys=0.00s Real=0.00s
[2023-07-26T10:28:17.023+0530][gc            ] GC(4) Concurrent Cycle
[2023-07-26T10:28:17.023+0530][gc,marking    ] GC(4) Concurrent Clear Claimed Marks
[2023-07-26T10:28:17.023+0530][gc,marking    ] GC(4) Concurrent Clear Claimed Marks 0.076ms
[2023-07-26T10:28:17.023+0530][gc,marking    ] GC(4) Concurrent Scan Root Regions
[2023-07-26T10:28:17.027+0530][gc,marking    ] GC(4) Concurrent Scan Root Regions 4.121ms
[2023-07-26T10:28:17.027+0530][gc,marking    ] GC(4) Concurrent Mark (3.353s)
[2023-07-26T10:28:17.027+0530][gc,marking    ] GC(4) Concurrent Mark From Roots
[2023-07-26T10:28:17.027+0530][gc,task       ] GC(4) Using 1 workers of 1 for marking
[2023-07-26T10:28:17.040+0530][gc,marking    ] GC(4) Concurrent Mark From Roots 12.783ms
[2023-07-26T10:28:17.040+0530][gc,marking    ] GC(4) Concurrent Preclean
[2023-07-26T10:28:17.040+0530][gc,marking    ] GC(4) Concurrent Preclean 0.202ms
[2023-07-26T10:28:17.040+0530][gc,marking    ] GC(4) Concurrent Mark (3.353s, 3.366s) 13.070ms
[2023-07-26T10:28:17.040+0530][gc,start      ] GC(4) Pause Remark
[2023-07-26T10:28:17.044+0530][gc,stringtable] GC(4) Cleaned string and symbol table, strings: 11329 processed, 11 removed, symbols: 97842 processed, 25 removed
[2023-07-26T10:28:17.045+0530][gc            ] GC(4) Pause Remark 139M->139M(1024M) 4.306ms
[2023-07-26T10:28:17.045+0530][gc,cpu        ] GC(4) User=0.02s Sys=0.00s Real=0.00s
[2023-07-26T10:28:17.045+0530][gc,marking    ] GC(4) Concurrent Rebuild Remembered Sets
[2023-07-26T10:28:17.053+0530][gc,marking    ] GC(4) Concurrent Rebuild Remembered Sets 8.717ms
[2023-07-26T10:28:17.053+0530][gc,start      ] GC(4) Pause Cleanup
[2023-07-26T10:28:17.054+0530][gc            ] GC(4) Pause Cleanup 139M->139M(1024M) 0.537ms
[2023-07-26T10:28:17.054+0530][gc,cpu        ] GC(4) User=0.00s Sys=0.00s Real=0.00s
[2023-07-26T10:28:17.054+0530][gc,marking    ] GC(4) Concurrent Cleanup for Next Mark
[2023-07-26T10:28:17.069+0530][gc,marking    ] GC(4) Concurrent Cleanup for Next Mark 14.785ms
[2023-07-26T10:28:17.069+0530][gc            ] GC(4) Concurrent Cycle 46.318ms
[2023-07-26T10:28:19.062+0530][gc,start      ] GC(5) Pause Young (Normal) (G1 Evacuation Pause)
[2023-07-26T10:28:19.062+0530][gc,task       ] GC(5) Using 4 workers of 4 for evacuation
[2023-07-26T10:28:19.105+0530][gc,mmu        ] GC(5) MMU target violated: 21.0ms (20.0ms/21.0ms)
[2023-07-26T10:28:19.105+0530][gc,phases     ] GC(5)   Pre Evacuate Collection Set: 0.1ms
[2023-07-26T10:28:19.105+0530][gc,phases     ] GC(5)   Evacuate Collection Set: 40.0ms
[2023-07-26T10:28:19.105+0530][gc,phases     ] GC(5)   Post Evacuate Collection Set: 1.7ms
[2023-07-26T10:28:19.105+0530][gc,phases     ] GC(5)   Other: 1.0ms
[2023-07-26T10:28:19.105+0530][gc,heap       ] GC(5) Eden regions: 48->0(44)
[2023-07-26T10:28:19.105+0530][gc,heap       ] GC(5) Survivor regions: 3->7(7)
[2023-07-26T10:28:19.105+0530][gc,heap       ] GC(5) Old regions: 7->7
[2023-07-26T10:28:19.105+0530][gc,heap       ] GC(5) Humongous regions: 129->129
[2023-07-26T10:28:19.105+0530][gc,metaspace  ] GC(5) Metaspace: 42842K->42842K(1087488K)
[2023-07-26T10:28:19.105+0530][gc            ] GC(5) Pause Young (Normal) (G1 Evacuation Pause) 186M->142M(1024M) 43.168ms
[2023-07-26T10:28:19.105+0530][gc,cpu        ] GC(5) User=0.10s Sys=0.02s Real=0.04s
[2023-07-26T10:29:34.547+0530][gc,start      ] GC(6) Pause Young (Normal) (G1 Evacuation Pause)
[2023-07-26T10:29:34.547+0530][gc,task       ] GC(6) Using 4 workers of 4 for evacuation
[2023-07-26T10:29:34.624+0530][gc,mmu        ] GC(6) MMU target violated: 21.0ms (20.0ms/21.0ms)
[2023-07-26T10:29:34.625+0530][gc,phases     ] GC(6)   Pre Evacuate Collection Set: 0.1ms
[2023-07-26T10:29:34.625+0530][gc,phases     ] GC(6)   Evacuate Collection Set: 75.2ms
[2023-07-26T10:29:34.625+0530][gc,phases     ] GC(6)   Post Evacuate Collection Set: 1.8ms
[2023-07-26T10:29:34.625+0530][gc,phases     ] GC(6)   Other: 0.9ms
[2023-07-26T10:29:34.625+0530][gc,heap       ] GC(6) Eden regions: 44->0(50)
[2023-07-26T10:29:34.625+0530][gc,heap       ] GC(6) Survivor regions: 7->1(7)
[2023-07-26T10:29:34.625+0530][gc,heap       ] GC(6) Old regions: 7->14
[2023-07-26T10:29:34.625+0530][gc,heap       ] GC(6) Humongous regions: 129->129
[2023-07-26T10:29:34.625+0530][gc,metaspace  ] GC(6) Metaspace: 43939K->43939K(1089536K)
[2023-07-26T10:29:34.625+0530][gc            ] GC(6) Pause Young (Normal) (G1 Evacuation Pause) 186M->143M(1024M) 78.341ms
[2023-07-26T10:29:34.625+0530][gc,cpu        ] GC(6) User=0.16s Sys=0.02s Real=0.08s
[2023-07-26T10:31:08.202+0530][gc,start      ] GC(7) Pause Young (Normal) (G1 Evacuation Pause)
[2023-07-26T10:31:08.203+0530][gc,task       ] GC(7) Using 4 workers of 4 for evacuation
[2023-07-26T10:31:08.212+0530][gc,phases     ] GC(7)   Pre Evacuate Collection Set: 0.2ms
[2023-07-26T10:31:08.213+0530][gc,phases     ] GC(7)   Evacuate Collection Set: 6.8ms
[2023-07-26T10:31:08.213+0530][gc,phases     ] GC(7)   Post Evacuate Collection Set: 2.3ms
[2023-07-26T10:31:08.213+0530][gc,phases     ] GC(7)   Other: 0.8ms
[2023-07-26T10:31:08.213+0530][gc,heap       ] GC(7) Eden regions: 50->0(50)
[2023-07-26T10:31:08.213+0530][gc,heap       ] GC(7) Survivor regions: 1->1(7)
[2023-07-26T10:31:08.213+0530][gc,heap       ] GC(7) Old regions: 14->14
[2023-07-26T10:31:08.213+0530][gc,heap       ] GC(7) Humongous regions: 129->129
[2023-07-26T10:31:08.213+0530][gc,metaspace  ] GC(7) Metaspace: 44005K->44005K(1089536K)
[2023-07-26T10:31:08.213+0530][gc            ] GC(7) Pause Young (Normal) (G1 Evacuation Pause) 193M->142M(1024M) 11.027ms
[2023-07-26T10:31:08.214+0530][gc,cpu        ] GC(7) User=0.02s Sys=0.00s Real=0.01s
[2023-07-26T10:32:44.393+0530][gc,start      ] GC(8) Pause Young (Normal) (G1 Evacuation Pause)
[2023-07-26T10:32:44.393+0530][gc,task       ] GC(8) Using 4 workers of 4 for evacuation
[2023-07-26T10:32:44.400+0530][gc,phases     ] GC(8)   Pre Evacuate Collection Set: 0.1ms
[2023-07-26T10:32:44.400+0530][gc,phases     ] GC(8)   Evacuate Collection Set: 6.0ms
[2023-07-26T10:32:44.400+0530][gc,phases     ] GC(8)   Post Evacuate Collection Set: 0.7ms
[2023-07-26T10:32:44.400+0530][gc,phases     ] GC(8)   Other: 0.5ms
[2023-07-26T10:32:44.400+0530][gc,heap       ] GC(8) Eden regions: 50->0(50)
[2023-07-26T10:32:44.400+0530][gc,heap       ] GC(8) Survivor regions: 1->1(7)
[2023-07-26T10:32:44.400+0530][gc,heap       ] GC(8) Old regions: 14->14
[2023-07-26T10:32:44.400+0530][gc,heap       ] GC(8) Humongous regions: 129->129
[2023-07-26T10:32:44.400+0530][gc,metaspace  ] GC(8) Metaspace: 44011K->44011K(1089536K)
[2023-07-26T10:32:44.400+0530][gc            ] GC(8) Pause Young (Normal) (G1 Evacuation Pause) 192M->142M(1024M) 7.328ms
[2023-07-26T10:32:44.400+0530][gc,cpu        ] GC(8) User=0.01s Sys=0.00s Real=0.01s
[2023-07-26T10:34:21.430+0530][gc,start      ] GC(9) Pause Young (Normal) (G1 Evacuation Pause)
[2023-07-26T10:34:21.430+0530][gc,task       ] GC(9) Using 4 workers of 4 for evacuation
[2023-07-26T10:34:21.433+0530][gc,phases     ] GC(9)   Pre Evacuate Collection Set: 0.1ms
[2023-07-26T10:34:21.434+0530][gc,phases     ] GC(9)   Evacuate Collection Set: 3.1ms
[2023-07-26T10:34:21.434+0530][gc,phases     ] GC(9)   Post Evacuate Collection Set: 0.4ms
[2023-07-26T10:34:21.434+0530][gc,phases     ] GC(9)   Other: 0.2ms
[2023-07-26T10:34:21.434+0530][gc,heap       ] GC(9) Eden regions: 50->0(50)
[2023-07-26T10:34:21.434+0530][gc,heap       ] GC(9) Survivor regions: 1->1(7)
[2023-07-26T10:34:21.434+0530][gc,heap       ] GC(9) Old regions: 14->14
[2023-07-26T10:34:21.434+0530][gc,heap       ] GC(9) Humongous regions: 129->129
[2023-07-26T10:34:21.434+0530][gc,metaspace  ] GC(9) Metaspace: 44017K->44017K(1089536K)
[2023-07-26T10:34:21.434+0530][gc            ] GC(9) Pause Young (Normal) (G1 Evacuation Pause) 192M->142M(1024M) 3.948ms
[2023-07-26T10:34:21.434+0530][gc,cpu        ] GC(9) User=0.01s Sys=0.00s Real=0.00s
[2023-07-26T10:36:00.697+0530][gc,start      ] GC(10) Pause Young (Normal) (G1 Evacuation Pause)
[2023-07-26T10:36:00.701+0530][gc,task       ] GC(10) Using 4 workers of 4 for evacuation
[2023-07-26T10:36:00.703+0530][gc,phases     ] GC(10)   Pre Evacuate Collection Set: 0.0ms
[2023-07-26T10:36:00.703+0530][gc,phases     ] GC(10)   Evacuate Collection Set: 2.0ms
[2023-07-26T10:36:00.703+0530][gc,phases     ] GC(10)   Post Evacuate Collection Set: 0.4ms
[2023-07-26T10:36:00.703+0530][gc,phases     ] GC(10)   Other: 3.5ms
[2023-07-26T10:36:00.703+0530][gc,heap       ] GC(10) Eden regions: 50->0(70)
[2023-07-26T10:36:00.703+0530][gc,heap       ] GC(10) Survivor regions: 1->1(7)
[2023-07-26T10:36:00.703+0530][gc,heap       ] GC(10) Old regions: 14->14
[2023-07-26T10:36:00.703+0530][gc,heap       ] GC(10) Humongous regions: 129->129
[2023-07-26T10:36:00.703+0530][gc,metaspace  ] GC(10) Metaspace: 44019K->44019K(1089536K)
[2023-07-26T10:36:00.703+0530][gc            ] GC(10) Pause Young (Normal) (G1 Evacuation Pause) 192M->142M(1024M) 6.086ms
[2023-07-26T10:36:00.703+0530][gc,cpu        ] GC(10) User=0.00s Sys=0.00s Real=0.00s
[2023-07-26T10:38:22.611+0530][gc,start      ] GC(11) Pause Young (Normal) (G1 Evacuation Pause)
[2023-07-26T10:38:22.611+0530][gc,task       ] GC(11) Using 4 workers of 4 for evacuation
[2023-07-26T10:38:22.620+0530][gc,phases     ] GC(11)   Pre Evacuate Collection Set: 0.1ms
[2023-07-26T10:38:22.620+0530][gc,phases     ] GC(11)   Evacuate Collection Set: 6.1ms
[2023-07-26T10:38:22.620+0530][gc,phases     ] GC(11)   Post Evacuate Collection Set: 1.9ms
[2023-07-26T10:38:22.620+0530][gc,phases     ] GC(11)   Other: 1.1ms
[2023-07-26T10:38:22.620+0530][gc,heap       ] GC(11) Eden regions: 70->0(73)
[2023-07-26T10:38:22.620+0530][gc,heap       ] GC(11) Survivor regions: 1->1(9)
[2023-07-26T10:38:22.620+0530][gc,heap       ] GC(11) Old regions: 14->14
[2023-07-26T10:38:22.620+0530][gc,heap       ] GC(11) Humongous regions: 129->129
[2023-07-26T10:38:22.620+0530][gc,metaspace  ] GC(11) Metaspace: 44021K->44021K(1089536K)
[2023-07-26T10:38:22.620+0530][gc            ] GC(11) Pause Young (Normal) (G1 Evacuation Pause) 212M->142M(1024M) 9.691ms
[2023-07-26T10:38:22.621+0530][gc,cpu        ] GC(11) User=0.02s Sys=0.00s Real=0.01s
[2023-07-26T10:40:52.695+0530][gc,start      ] GC(12) Pause Young (Normal) (G1 Evacuation Pause)
[2023-07-26T10:40:52.696+0530][gc,task       ] GC(12) Using 4 workers of 4 for evacuation
[2023-07-26T10:40:52.711+0530][gc,phases     ] GC(12)   Pre Evacuate Collection Set: 0.7ms
[2023-07-26T10:40:52.712+0530][gc,phases     ] GC(12)   Evacuate Collection Set: 12.5ms
[2023-07-26T10:40:52.712+0530][gc,phases     ] GC(12)   Post Evacuate Collection Set: 1.8ms
[2023-07-26T10:40:52.712+0530][gc,phases     ] GC(12)   Other: 1.2ms
[2023-07-26T10:40:52.712+0530][gc,heap       ] GC(12) Eden regions: 73->0(78)
[2023-07-26T10:40:52.712+0530][gc,heap       ] GC(12) Survivor regions: 1->1(10)
[2023-07-26T10:40:52.712+0530][gc,heap       ] GC(12) Old regions: 14->14
[2023-07-26T10:40:52.712+0530][gc,heap       ] GC(12) Humongous regions: 129->129
[2023-07-26T10:40:52.712+0530][gc,metaspace  ] GC(12) Metaspace: 44034K->44034K(1089536K)
[2023-07-26T10:40:52.712+0530][gc            ] GC(12) Pause Young (Normal) (G1 Evacuation Pause) 215M->142M(1024M) 16.909ms
[2023-07-26T10:40:52.712+0530][gc,cpu        ] GC(12) User=0.03s Sys=0.01s Real=0.01s
[2023-07-26T10:43:34.331+0530][gc,start      ] GC(13) Pause Young (Normal) (G1 Evacuation Pause)
[2023-07-26T10:43:34.331+0530][gc,task       ] GC(13) Using 4 workers of 4 for evacuation
[2023-07-26T10:43:34.341+0530][gc,phases     ] GC(13)   Pre Evacuate Collection Set: 0.1ms
[2023-07-26T10:43:34.341+0530][gc,phases     ] GC(13)   Evacuate Collection Set: 6.9ms
[2023-07-26T10:43:34.341+0530][gc,phases     ] GC(13)   Post Evacuate Collection Set: 2.0ms
[2023-07-26T10:43:34.341+0530][gc,phases     ] GC(13)   Other: 0.8ms
[2023-07-26T10:43:34.342+0530][gc,heap       ] GC(13) Eden regions: 78->0(83)
[2023-07-26T10:43:34.342+0530][gc,heap       ] GC(13) Survivor regions: 1->1(10)
[2023-07-26T10:43:34.342+0530][gc,heap       ] GC(13) Old regions: 14->14
[2023-07-26T10:43:34.342+0530][gc,heap       ] GC(13) Humongous regions: 129->129
[2023-07-26T10:43:34.342+0530][gc,metaspace  ] GC(13) Metaspace: 44052K->44052K(1089536K)
[2023-07-26T10:43:34.342+0530][gc            ] GC(13) Pause Young (Normal) (G1 Evacuation Pause) 220M->142M(1024M) 10.741ms
[2023-07-26T10:43:34.342+0530][gc,cpu        ] GC(13) User=0.02s Sys=0.00s Real=0.01s
[2023-07-26T10:46:27.447+0530][gc,start      ] GC(14) Pause Young (Normal) (G1 Evacuation Pause)
[2023-07-26T10:46:27.447+0530][gc,task       ] GC(14) Using 4 workers of 4 for evacuation
[2023-07-26T10:46:27.452+0530][gc,phases     ] GC(14)   Pre Evacuate Collection Set: 0.0ms
[2023-07-26T10:46:27.452+0530][gc,phases     ] GC(14)   Evacuate Collection Set: 2.7ms
[2023-07-26T10:46:27.452+0530][gc,phases     ] GC(14)   Post Evacuate Collection Set: 2.3ms
[2023-07-26T10:46:27.452+0530][gc,phases     ] GC(14)   Other: 0.3ms
[2023-07-26T10:46:27.452+0530][gc,heap       ] GC(14) Eden regions: 83->0(93)
[2023-07-26T10:46:27.452+0530][gc,heap       ] GC(14) Survivor regions: 1->1(11)
[2023-07-26T10:46:27.452+0530][gc,heap       ] GC(14) Old regions: 14->14
[2023-07-26T10:46:27.452+0530][gc,heap       ] GC(14) Humongous regions: 129->129
[2023-07-26T10:46:27.452+0530][gc,metaspace  ] GC(14) Metaspace: 44071K->44071K(1089536K)
[2023-07-26T10:46:27.452+0530][gc            ] GC(14) Pause Young (Normal) (G1 Evacuation Pause) 225M->142M(1024M) 5.681ms
[2023-07-26T10:46:27.452+0530][gc,cpu        ] GC(14) User=0.01s Sys=0.00s Real=0.01s
[2023-07-26T10:49:41.695+0530][gc,start      ] GC(15) Pause Young (Normal) (G1 Evacuation Pause)
[2023-07-26T10:49:41.695+0530][gc,task       ] GC(15) Using 4 workers of 4 for evacuation
[2023-07-26T10:49:41.700+0530][gc,phases     ] GC(15)   Pre Evacuate Collection Set: 0.0ms
[2023-07-26T10:49:41.700+0530][gc,phases     ] GC(15)   Evacuate Collection Set: 2.7ms
[2023-07-26T10:49:41.700+0530][gc,phases     ] GC(15)   Post Evacuate Collection Set: 2.0ms
[2023-07-26T10:49:41.700+0530][gc,phases     ] GC(15)   Other: 0.4ms
[2023-07-26T10:49:41.700+0530][gc,heap       ] GC(15) Eden regions: 93->0(108)
[2023-07-26T10:49:41.700+0530][gc,heap       ] GC(15) Survivor regions: 1->1(12)
[2023-07-26T10:49:41.700+0530][gc,heap       ] GC(15) Old regions: 14->14
[2023-07-26T10:49:41.700+0530][gc,heap       ] GC(15) Humongous regions: 129->129
[2023-07-26T10:49:41.700+0530][gc,metaspace  ] GC(15) Metaspace: 44090K->44090K(1089536K)
[2023-07-26T10:49:41.700+0530][gc            ] GC(15) Pause Young (Normal) (G1 Evacuation Pause) 235M->142M(1024M) 5.364ms
[2023-07-26T10:49:41.700+0530][gc,cpu        ] GC(15) User=0.00s Sys=0.01s Real=0.01s
[2023-07-26T10:53:27.594+0530][gc,start      ] GC(16) Pause Young (Normal) (G1 Evacuation Pause)
[2023-07-26T10:53:27.594+0530][gc,task       ] GC(16) Using 4 workers of 4 for evacuation
[2023-07-26T10:53:27.618+0530][gc,mmu        ] GC(16) MMU target violated: 21.0ms (20.0ms/21.0ms)
[2023-07-26T10:53:27.618+0530][gc,phases     ] GC(16)   Pre Evacuate Collection Set: 0.1ms
[2023-07-26T10:53:27.618+0530][gc,phases     ] GC(16)   Evacuate Collection Set: 9.2ms
[2023-07-26T10:53:27.618+0530][gc,phases     ] GC(16)   Post Evacuate Collection Set: 13.7ms
[2023-07-26T10:53:27.618+0530][gc,phases     ] GC(16)   Other: 1.2ms
[2023-07-26T10:53:27.618+0530][gc,heap       ] GC(16) Eden regions: 108->0(116)
[2023-07-26T10:53:27.618+0530][gc,heap       ] GC(16) Survivor regions: 1->1(14)
[2023-07-26T10:53:27.618+0530][gc,heap       ] GC(16) Old regions: 14->14
[2023-07-26T10:53:27.619+0530][gc,heap       ] GC(16) Humongous regions: 129->129
[2023-07-26T10:53:27.619+0530][gc,metaspace  ] GC(16) Metaspace: 44099K->44099K(1089536K)
[2023-07-26T10:53:27.625+0530][gc            ] GC(16) Pause Young (Normal) (G1 Evacuation Pause) 250M->142M(1024M) 24.885ms
[2023-07-26T10:53:27.626+0530][gc,cpu        ] GC(16) User=0.03s Sys=0.00s Real=0.03s
[2023-07-26T10:57:29.218+0530][gc,start      ] GC(17) Pause Young (Normal) (G1 Evacuation Pause)
[2023-07-26T10:57:29.218+0530][gc,task       ] GC(17) Using 4 workers of 4 for evacuation
[2023-07-26T10:57:29.222+0530][gc,phases     ] GC(17)   Pre Evacuate Collection Set: 0.0ms
[2023-07-26T10:57:29.222+0530][gc,phases     ] GC(17)   Evacuate Collection Set: 2.0ms
[2023-07-26T10:57:29.222+0530][gc,phases     ] GC(17)   Post Evacuate Collection Set: 1.3ms
[2023-07-26T10:57:29.222+0530][gc,phases     ] GC(17)   Other: 0.3ms
[2023-07-26T10:57:29.222+0530][gc,heap       ] GC(17) Eden regions: 116->0(130)
[2023-07-26T10:57:29.222+0530][gc,heap       ] GC(17) Survivor regions: 1->1(15)
[2023-07-26T10:57:29.222+0530][gc,heap       ] GC(17) Old regions: 14->14
[2023-07-26T10:57:29.222+0530][gc,heap       ] GC(17) Humongous regions: 129->129
[2023-07-26T10:57:29.222+0530][gc,metaspace  ] GC(17) Metaspace: 44119K->44119K(1089536K)
[2023-07-26T10:57:29.222+0530][gc            ] GC(17) Pause Young (Normal) (G1 Evacuation Pause) 258M->142M(1024M) 3.852ms
[2023-07-26T10:57:29.222+0530][gc,cpu        ] GC(17) User=0.00s Sys=0.00s Real=0.00s
[2023-07-26T11:02:02.571+0530][gc,start      ] GC(18) Pause Young (Normal) (G1 Evacuation Pause)
[2023-07-26T11:02:02.571+0530][gc,task       ] GC(18) Using 4 workers of 4 for evacuation
[2023-07-26T11:02:02.588+0530][gc,phases     ] GC(18)   Pre Evacuate Collection Set: 0.3ms
[2023-07-26T11:02:02.588+0530][gc,phases     ] GC(18)   Evacuate Collection Set: 9.7ms
[2023-07-26T11:02:02.588+0530][gc,phases     ] GC(18)   Post Evacuate Collection Set: 6.5ms
[2023-07-26T11:02:02.589+0530][gc,phases     ] GC(18)   Other: 1.1ms
[2023-07-26T11:02:02.589+0530][gc,heap       ] GC(18) Eden regions: 130->0(140)
[2023-07-26T11:02:02.589+0530][gc,heap       ] GC(18) Survivor regions: 1->1(17)
[2023-07-26T11:02:02.589+0530][gc,heap       ] GC(18) Old regions: 14->14
[2023-07-26T11:02:02.589+0530][gc,heap       ] GC(18) Humongous regions: 129->129
[2023-07-26T11:02:02.589+0530][gc,metaspace  ] GC(18) Metaspace: 44135K->44135K(1089536K)
[2023-07-26T11:02:02.589+0530][gc            ] GC(18) Pause Young (Normal) (G1 Evacuation Pause) 272M->142M(1024M) 18.748ms
[2023-07-26T11:02:02.589+0530][gc,cpu        ] GC(18) User=0.05s Sys=0.00s Real=0.02s
[2023-07-26T11:06:56.926+0530][gc,start      ] GC(19) Pause Young (Normal) (G1 Evacuation Pause)
[2023-07-26T11:06:56.926+0530][gc,task       ] GC(19) Using 4 workers of 4 for evacuation
[2023-07-26T11:06:56.959+0530][gc,mmu        ] GC(19) MMU target violated: 21.0ms (20.0ms/21.0ms)
[2023-07-26T11:06:56.959+0530][gc,phases     ] GC(19)   Pre Evacuate Collection Set: 0.1ms
[2023-07-26T11:06:56.960+0530][gc,phases     ] GC(19)   Evacuate Collection Set: 13.5ms
[2023-07-26T11:06:56.960+0530][gc,phases     ] GC(19)   Post Evacuate Collection Set: 18.1ms
[2023-07-26T11:06:56.960+0530][gc,phases     ] GC(19)   Other: 1.1ms
[2023-07-26T11:06:56.960+0530][gc,heap       ] GC(19) Eden regions: 140->0(141)
[2023-07-26T11:06:56.960+0530][gc,heap       ] GC(19) Survivor regions: 1->1(18)
[2023-07-26T11:06:56.960+0530][gc,heap       ] GC(19) Old regions: 14->14
[2023-07-26T11:06:56.960+0530][gc,heap       ] GC(19) Humongous regions: 129->129
[2023-07-26T11:06:56.960+0530][gc,metaspace  ] GC(19) Metaspace: 44163K->44163K(1089536K)
[2023-07-26T11:06:56.961+0530][gc            ] GC(19) Pause Young (Normal) (G1 Evacuation Pause) 282M->142M(1024M) 34.519ms
[2023-07-26T11:06:56.961+0530][gc,cpu        ] GC(19) User=0.05s Sys=0.00s Real=0.04s
[2023-07-26T11:11:53.500+0530][gc,start      ] GC(20) Pause Young (Normal) (G1 Evacuation Pause)
[2023-07-26T11:11:53.500+0530][gc,task       ] GC(20) Using 4 workers of 4 for evacuation
[2023-07-26T11:11:53.515+0530][gc,phases     ] GC(20)   Pre Evacuate Collection Set: 0.1ms
[2023-07-26T11:11:53.516+0530][gc,phases     ] GC(20)   Evacuate Collection Set: 6.6ms
[2023-07-26T11:11:53.516+0530][gc,phases     ] GC(20)   Post Evacuate Collection Set: 8.5ms
[2023-07-26T11:11:53.516+0530][gc,phases     ] GC(20)   Other: 0.8ms
[2023-07-26T11:11:53.516+0530][gc,heap       ] GC(20) Eden regions: 141->0(143)
[2023-07-26T11:11:53.516+0530][gc,heap       ] GC(20) Survivor regions: 1->1(18)
[2023-07-26T11:11:53.516+0530][gc,heap       ] GC(20) Old regions: 14->14
[2023-07-26T11:11:53.516+0530][gc,heap       ] GC(20) Humongous regions: 129->129
[2023-07-26T11:11:53.516+0530][gc,metaspace  ] GC(20) Metaspace: 44185K->44185K(1089536K)
[2023-07-26T11:11:53.516+0530][gc            ] GC(20) Pause Young (Normal) (G1 Evacuation Pause) 283M->142M(1024M) 16.832ms
[2023-07-26T11:11:53.517+0530][gc,cpu        ] GC(20) User=0.03s Sys=0.00s Real=0.02s
[2023-07-26T11:16:54.721+0530][gc,start      ] GC(21) Pause Young (Normal) (G1 Evacuation Pause)
[2023-07-26T11:16:54.721+0530][gc,task       ] GC(21) Using 4 workers of 4 for evacuation
[2023-07-26T11:16:54.725+0530][gc,phases     ] GC(21)   Pre Evacuate Collection Set: 0.1ms
[2023-07-26T11:16:54.725+0530][gc,phases     ] GC(21)   Evacuate Collection Set: 2.7ms
[2023-07-26T11:16:54.725+0530][gc,phases     ] GC(21)   Post Evacuate Collection Set: 0.6ms
[2023-07-26T11:16:54.725+0530][gc,phases     ] GC(21)   Other: 0.4ms
[2023-07-26T11:16:54.725+0530][gc,heap       ] GC(21) Eden regions: 143->0(149)
[2023-07-26T11:16:54.725+0530][gc,heap       ] GC(21) Survivor regions: 1->1(18)
[2023-07-26T11:16:54.725+0530][gc,heap       ] GC(21) Old regions: 14->14
[2023-07-26T11:16:54.725+0530][gc,heap       ] GC(21) Humongous regions: 129->129
[2023-07-26T11:16:54.725+0530][gc,metaspace  ] GC(21) Metaspace: 44191K->44191K(1089536K)
[2023-07-26T11:16:54.725+0530][gc            ] GC(21) Pause Young (Normal) (G1 Evacuation Pause) 285M->142M(1024M) 3.909ms
[2023-07-26T11:16:54.725+0530][gc,cpu        ] GC(21) User=0.01s Sys=0.00s Real=0.00s
[2023-07-26T11:22:08.009+0530][gc,start      ] GC(22) Pause Young (Normal) (G1 Evacuation Pause)
[2023-07-26T11:22:08.009+0530][gc,task       ] GC(22) Using 4 workers of 4 for evacuation
[2023-07-26T11:22:08.016+0530][gc,phases     ] GC(22)   Pre Evacuate Collection Set: 0.1ms
[2023-07-26T11:22:08.016+0530][gc,phases     ] GC(22)   Evacuate Collection Set: 4.4ms
[2023-07-26T11:22:08.016+0530][gc,phases     ] GC(22)   Post Evacuate Collection Set: 1.5ms
[2023-07-26T11:22:08.016+0530][gc,phases     ] GC(22)   Other: 1.0ms
[2023-07-26T11:22:08.016+0530][gc,heap       ] GC(22) Eden regions: 149->0(165)
[2023-07-26T11:22:08.016+0530][gc,heap       ] GC(22) Survivor regions: 1->1(19)
[2023-07-26T11:22:08.016+0530][gc,heap       ] GC(22) Old regions: 14->14
[2023-07-26T11:22:08.016+0530][gc,heap       ] GC(22) Humongous regions: 129->129
[2023-07-26T11:22:08.016+0530][gc,metaspace  ] GC(22) Metaspace: 44208K->44208K(1089536K)
[2023-07-26T11:22:08.016+0530][gc            ] GC(22) Pause Young (Normal) (G1 Evacuation Pause) 291M->142M(1024M) 7.483ms
[2023-07-26T11:22:08.016+0530][gc,cpu        ] GC(22) User=0.01s Sys=0.00s Real=0.01s
[2023-07-26T11:27:51.872+0530][gc,start      ] GC(23) Pause Young (Normal) (G1 Evacuation Pause)
[2023-07-26T11:27:51.872+0530][gc,task       ] GC(23) Using 4 workers of 4 for evacuation
[2023-07-26T11:27:51.879+0530][gc,phases     ] GC(23)   Pre Evacuate Collection Set: 0.1ms
[2023-07-26T11:27:51.879+0530][gc,phases     ] GC(23)   Evacuate Collection Set: 4.9ms
[2023-07-26T11:27:51.879+0530][gc,phases     ] GC(23)   Post Evacuate Collection Set: 1.1ms
[2023-07-26T11:27:51.879+0530][gc,phases     ] GC(23)   Other: 0.7ms
[2023-07-26T11:27:51.879+0530][gc,heap       ] GC(23) Eden regions: 165->0(194)
[2023-07-26T11:27:51.879+0530][gc,heap       ] GC(23) Survivor regions: 1->1(21)
[2023-07-26T11:27:51.879+0530][gc,heap       ] GC(23) Old regions: 14->14
[2023-07-26T11:27:51.879+0530][gc,heap       ] GC(23) Humongous regions: 129->129
[2023-07-26T11:27:51.879+0530][gc,metaspace  ] GC(23) Metaspace: 44221K->44221K(1089536K)
[2023-07-26T11:27:51.879+0530][gc            ] GC(23) Pause Young (Normal) (G1 Evacuation Pause) 307M->142M(1024M) 7.142ms
[2023-07-26T11:27:51.879+0530][gc,cpu        ] GC(23) User=0.01s Sys=0.00s Real=0.01s
[2023-07-26T11:34:39.350+0530][gc,start      ] GC(24) Pause Young (Normal) (G1 Evacuation Pause)
[2023-07-26T11:34:39.350+0530][gc,task       ] GC(24) Using 4 workers of 4 for evacuation
[2023-07-26T11:34:39.352+0530][gc,phases     ] GC(24)   Pre Evacuate Collection Set: 0.0ms
[2023-07-26T11:34:39.352+0530][gc,phases     ] GC(24)   Evacuate Collection Set: 0.8ms
[2023-07-26T11:34:39.352+0530][gc,phases     ] GC(24)   Post Evacuate Collection Set: 0.6ms
[2023-07-26T11:34:39.352+0530][gc,phases     ] GC(24)   Other: 0.3ms
[2023-07-26T11:34:39.352+0530][gc,heap       ] GC(24) Eden regions: 194->0(242)
[2023-07-26T11:34:39.352+0530][gc,heap       ] GC(24) Survivor regions: 1->1(25)
[2023-07-26T11:34:39.352+0530][gc,heap       ] GC(24) Old regions: 14->14
[2023-07-26T11:34:39.352+0530][gc,heap       ] GC(24) Humongous regions: 129->129
[2023-07-26T11:34:39.352+0530][gc,metaspace  ] GC(24) Metaspace: 44300K->44300K(1089536K)
[2023-07-26T11:34:39.352+0530][gc            ] GC(24) Pause Young (Normal) (G1 Evacuation Pause) 336M->142M(1024M) 1.876ms
[2023-07-26T11:34:39.352+0530][gc,cpu        ] GC(24) User=0.01s Sys=0.00s Real=0.00s
[2023-07-26T11:43:07.450+0530][gc,start      ] GC(25) Pause Young (Normal) (G1 Evacuation Pause)
[2023-07-26T11:43:07.450+0530][gc,task       ] GC(25) Using 4 workers of 4 for evacuation
[2023-07-26T11:43:07.452+0530][gc,phases     ] GC(25)   Pre Evacuate Collection Set: 0.1ms
[2023-07-26T11:43:07.452+0530][gc,phases     ] GC(25)   Evacuate Collection Set: 1.0ms
[2023-07-26T11:43:07.452+0530][gc,phases     ] GC(25)   Post Evacuate Collection Set: 0.6ms
[2023-07-26T11:43:07.452+0530][gc,phases     ] GC(25)   Other: 0.3ms
[2023-07-26T11:43:07.452+0530][gc,heap       ] GC(25) Eden regions: 242->0(307)
[2023-07-26T11:43:07.452+0530][gc,heap       ] GC(25) Survivor regions: 1->1(31)
[2023-07-26T11:43:07.452+0530][gc,heap       ] GC(25) Old regions: 14->14
[2023-07-26T11:43:07.452+0530][gc,heap       ] GC(25) Humongous regions: 129->129
[2023-07-26T11:43:07.452+0530][gc,metaspace  ] GC(25) Metaspace: 44311K->44311K(1089536K)
[2023-07-26T11:43:07.452+0530][gc            ] GC(25) Pause Young (Normal) (G1 Evacuation Pause) 384M->142M(1024M) 2.115ms
[2023-07-26T11:43:07.452+0530][gc,cpu        ] GC(25) User=0.01s Sys=0.00s Real=0.00s
[2023-07-26T11:53:52.458+0530][gc,start      ] GC(26) Pause Young (Normal) (G1 Evacuation Pause)
[2023-07-26T11:53:52.458+0530][gc,task       ] GC(26) Using 4 workers of 4 for evacuation
[2023-07-26T11:53:52.462+0530][gc,phases     ] GC(26)   Pre Evacuate Collection Set: 0.0ms
[2023-07-26T11:53:52.462+0530][gc,phases     ] GC(26)   Evacuate Collection Set: 3.3ms
[2023-07-26T11:53:52.462+0530][gc,phases     ] GC(26)   Post Evacuate Collection Set: 0.6ms
[2023-07-26T11:53:52.462+0530][gc,phases     ] GC(26)   Other: 0.5ms
[2023-07-26T11:53:52.462+0530][gc,heap       ] GC(26) Eden regions: 307->0(389)
[2023-07-26T11:53:52.462+0530][gc,heap       ] GC(26) Survivor regions: 1->1(39)
[2023-07-26T11:53:52.462+0530][gc,heap       ] GC(26) Old regions: 14->14
[2023-07-26T11:53:52.462+0530][gc,heap       ] GC(26) Humongous regions: 129->129
[2023-07-26T11:53:52.462+0530][gc,metaspace  ] GC(26) Metaspace: 44317K->44317K(1089536K)
[2023-07-26T11:53:52.462+0530][gc            ] GC(26) Pause Young (Normal) (G1 Evacuation Pause) 449M->142M(1024M) 4.360ms
[2023-07-26T11:53:52.462+0530][gc,cpu        ] GC(26) User=0.01s Sys=0.00s Real=0.00s
[2023-07-26T12:07:29.778+0530][gc,start      ] GC(27) Pause Young (Normal) (G1 Evacuation Pause)
[2023-07-26T12:07:29.778+0530][gc,task       ] GC(27) Using 4 workers of 4 for evacuation
[2023-07-26T12:07:29.807+0530][gc,mmu        ] GC(27) MMU target violated: 21.0ms (20.0ms/21.0ms)
[2023-07-26T12:07:29.807+0530][gc,phases     ] GC(27)   Pre Evacuate Collection Set: 0.1ms
[2023-07-26T12:07:29.808+0530][gc,phases     ] GC(27)   Evacuate Collection Set: 24.8ms
[2023-07-26T12:07:29.808+0530][gc,phases     ] GC(27)   Post Evacuate Collection Set: 2.8ms
[2023-07-26T12:07:29.808+0530][gc,phases     ] GC(27)   Other: 1.8ms
[2023-07-26T12:07:29.808+0530][gc,heap       ] GC(27) Eden regions: 389->0(502)
[2023-07-26T12:07:29.808+0530][gc,heap       ] GC(27) Survivor regions: 1->1(49)
[2023-07-26T12:07:29.808+0530][gc,heap       ] GC(27) Old regions: 14->14
[2023-07-26T12:07:29.808+0530][gc,heap       ] GC(27) Humongous regions: 129->129
[2023-07-26T12:07:29.808+0530][gc,metaspace  ] GC(27) Metaspace: 44352K->44352K(1089536K)
[2023-07-26T12:07:29.808+0530][gc            ] GC(27) Pause Young (Normal) (G1 Evacuation Pause) 531M->142M(1024M) 30.651ms
[2023-07-26T12:07:29.809+0530][gc,cpu        ] GC(27) User=0.02s Sys=0.01s Real=0.03s
[2023-07-26T12:25:03.474+0530][gc,start      ] GC(28) Pause Young (Normal) (G1 Evacuation Pause)
[2023-07-26T12:25:03.474+0530][gc,task       ] GC(28) Using 4 workers of 4 for evacuation
[2023-07-26T12:25:03.489+0530][gc,phases     ] GC(28)   Pre Evacuate Collection Set: 0.3ms
[2023-07-26T12:25:03.489+0530][gc,phases     ] GC(28)   Evacuate Collection Set: 9.2ms
[2023-07-26T12:25:03.490+0530][gc,phases     ] GC(28)   Post Evacuate Collection Set: 3.9ms
[2023-07-26T12:25:03.490+0530][gc,phases     ] GC(28)   Other: 1.3ms
[2023-07-26T12:25:03.490+0530][gc,heap       ] GC(28) Eden regions: 502->0(553)
[2023-07-26T12:25:03.490+0530][gc,heap       ] GC(28) Survivor regions: 1->1(63)
[2023-07-26T12:25:03.490+0530][gc,heap       ] GC(28) Old regions: 14->14
[2023-07-26T12:25:03.490+0530][gc,heap       ] GC(28) Humongous regions: 129->129
[2023-07-26T12:25:03.490+0530][gc,metaspace  ] GC(28) Metaspace: 44369K->44369K(1089536K)
[2023-07-26T12:25:03.491+0530][gc            ] GC(28) Pause Young (Normal) (G1 Evacuation Pause) 644M->142M(1024M) 16.455ms
[2023-07-26T12:25:03.491+0530][gc,cpu        ] GC(28) User=0.03s Sys=0.00s Real=0.02s
[2023-07-26T12:44:27.186+0530][gc,start      ] GC(29) Pause Young (Normal) (G1 Evacuation Pause)
[2023-07-26T12:44:27.187+0530][gc,task       ] GC(29) Using 4 workers of 4 for evacuation
[2023-07-26T12:44:27.200+0530][gc,phases     ] GC(29)   Pre Evacuate Collection Set: 0.1ms
[2023-07-26T12:44:27.200+0530][gc,phases     ] GC(29)   Evacuate Collection Set: 9.0ms
[2023-07-26T12:44:27.200+0530][gc,phases     ] GC(29)   Post Evacuate Collection Set: 3.6ms
[2023-07-26T12:44:27.200+0530][gc,phases     ] GC(29)   Other: 1.0ms
[2023-07-26T12:44:27.200+0530][gc,heap       ] GC(29) Eden regions: 553->0(597)
[2023-07-26T12:44:27.200+0530][gc,heap       ] GC(29) Survivor regions: 1->1(70)
[2023-07-26T12:44:27.200+0530][gc,heap       ] GC(29) Old regions: 14->14
[2023-07-26T12:44:27.200+0530][gc,heap       ] GC(29) Humongous regions: 129->129
[2023-07-26T12:44:27.200+0530][gc,metaspace  ] GC(29) Metaspace: 44446K->44446K(1089536K)
[2023-07-26T12:44:27.201+0530][gc            ] GC(29) Pause Young (Normal) (G1 Evacuation Pause) 695M->142M(1024M) 14.188ms
[2023-07-26T12:44:27.201+0530][gc,cpu        ] GC(29) User=0.02s Sys=0.00s Real=0.02s
[2023-07-26T13:05:17.245+0530][gc,start      ] GC(30) Pause Young (Normal) (G1 Evacuation Pause)
[2023-07-26T13:05:17.245+0530][gc,task       ] GC(30) Using 4 workers of 4 for evacuation
[2023-07-26T13:05:17.267+0530][gc,mmu        ] GC(30) MMU target violated: 21.0ms (20.0ms/21.0ms)
[2023-07-26T13:05:17.267+0530][gc,phases     ] GC(30)   Pre Evacuate Collection Set: 0.1ms
[2023-07-26T13:05:17.267+0530][gc,phases     ] GC(30)   Evacuate Collection Set: 15.8ms
[2023-07-26T13:05:17.267+0530][gc,phases     ] GC(30)   Post Evacuate Collection Set: 4.6ms
[2023-07-26T13:05:17.268+0530][gc,phases     ] GC(30)   Other: 2.3ms
[2023-07-26T13:05:17.268+0530][gc,heap       ] GC(30) Eden regions: 597->0(613)
[2023-07-26T13:05:17.268+0530][gc,heap       ] GC(30) Survivor regions: 1->1(75)
[2023-07-26T13:05:17.268+0530][gc,heap       ] GC(30) Old regions: 14->14
[2023-07-26T13:05:17.268+0530][gc,heap       ] GC(30) Humongous regions: 129->129
[2023-07-26T13:05:17.268+0530][gc,metaspace  ] GC(30) Metaspace: 44446K->44446K(1089536K)
[2023-07-26T13:05:17.268+0530][gc            ] GC(30) Pause Young (Normal) (G1 Evacuation Pause) 739M->142M(1024M) 23.438ms
[2023-07-26T13:05:17.268+0530][gc,cpu        ] GC(30) User=0.03s Sys=0.00s Real=0.03s
[2023-07-26T13:26:52.222+0530][gc,start      ] GC(31) Pause Young (Normal) (G1 Evacuation Pause)
[2023-07-26T13:26:52.222+0530][gc,task       ] GC(31) Using 4 workers of 4 for evacuation
[2023-07-26T13:26:52.239+0530][gc,phases     ] GC(31)   Pre Evacuate Collection Set: 0.1ms
[2023-07-26T13:26:52.239+0530][gc,phases     ] GC(31)   Evacuate Collection Set: 13.7ms
[2023-07-26T13:26:52.240+0530][gc,phases     ] GC(31)   Post Evacuate Collection Set: 3.0ms
[2023-07-26T13:26:52.240+0530][gc,phases     ] GC(31)   Other: 1.1ms
[2023-07-26T13:26:52.240+0530][gc,heap       ] GC(31) Eden regions: 613->0(613)
[2023-07-26T13:26:52.240+0530][gc,heap       ] GC(31) Survivor regions: 1->1(77)
[2023-07-26T13:26:52.240+0530][gc,heap       ] GC(31) Old regions: 14->14
[2023-07-26T13:26:52.240+0530][gc,heap       ] GC(31) Humongous regions: 129->129
[2023-07-26T13:26:52.240+0530][gc,metaspace  ] GC(31) Metaspace: 44449K->44449K(1089536K)
[2023-07-26T13:26:52.240+0530][gc            ] GC(31) Pause Young (Normal) (G1 Evacuation Pause) 755M->142M(1024M) 18.421ms
[2023-07-26T13:26:52.240+0530][gc,cpu        ] GC(31) User=0.03s Sys=0.00s Real=0.02s
[2023-07-26T13:48:27.645+0530][gc,start      ] GC(32) Pause Young (Normal) (G1 Evacuation Pause)
[2023-07-26T13:48:27.645+0530][gc,task       ] GC(32) Using 4 workers of 4 for evacuation
[2023-07-26T13:48:27.652+0530][gc,phases     ] GC(32)   Pre Evacuate Collection Set: 0.1ms
[2023-07-26T13:48:27.652+0530][gc,phases     ] GC(32)   Evacuate Collection Set: 3.7ms
[2023-07-26T13:48:27.652+0530][gc,phases     ] GC(32)   Post Evacuate Collection Set: 2.3ms
[2023-07-26T13:48:27.652+0530][gc,phases     ] GC(32)   Other: 1.3ms
[2023-07-26T13:48:27.652+0530][gc,heap       ] GC(32) Eden regions: 613->0(613)
[2023-07-26T13:48:27.653+0530][gc,heap       ] GC(32) Survivor regions: 1->1(77)
[2023-07-26T13:48:27.653+0530][gc,heap       ] GC(32) Old regions: 14->14
[2023-07-26T13:48:27.653+0530][gc,heap       ] GC(32) Humongous regions: 129->129
[2023-07-26T13:48:27.653+0530][gc,metaspace  ] GC(32) Metaspace: 44465K->44465K(1089536K)
[2023-07-26T13:48:27.653+0530][gc            ] GC(32) Pause Young (Normal) (G1 Evacuation Pause) 755M->142M(1024M) 8.075ms
[2023-07-26T13:48:27.653+0530][gc,cpu        ] GC(32) User=0.02s Sys=0.01s Real=0.01s
[2023-07-26T14:09:55.966+0530][gc,start      ] GC(33) Pause Young (Normal) (G1 Evacuation Pause)
[2023-07-26T14:09:55.966+0530][gc,task       ] GC(33) Using 4 workers of 4 for evacuation
[2023-07-26T14:09:55.972+0530][gc,phases     ] GC(33)   Pre Evacuate Collection Set: 0.1ms
[2023-07-26T14:09:55.973+0530][gc,phases     ] GC(33)   Evacuate Collection Set: 2.8ms
[2023-07-26T14:09:55.973+0530][gc,phases     ] GC(33)   Post Evacuate Collection Set: 2.4ms
[2023-07-26T14:09:55.973+0530][gc,phases     ] GC(33)   Other: 1.3ms
[2023-07-26T14:09:55.973+0530][gc,heap       ] GC(33) Eden regions: 613->0(613)
[2023-07-26T14:09:55.973+0530][gc,heap       ] GC(33) Survivor regions: 1->1(77)
[2023-07-26T14:09:55.973+0530][gc,heap       ] GC(33) Old regions: 14->14
[2023-07-26T14:09:55.973+0530][gc,heap       ] GC(33) Humongous regions: 129->129
[2023-07-26T14:09:55.973+0530][gc,metaspace  ] GC(33) Metaspace: 44473K->44473K(1089536K)
[2023-07-26T14:09:55.973+0530][gc            ] GC(33) Pause Young (Normal) (G1 Evacuation Pause) 755M->142M(1024M) 7.186ms
[2023-07-26T14:09:55.973+0530][gc,cpu        ] GC(33) User=0.01s Sys=0.01s Real=0.01s
[2023-07-26T14:31:30.186+0530][gc,start      ] GC(34) Pause Young (Normal) (G1 Evacuation Pause)
[2023-07-26T14:31:30.186+0530][gc,task       ] GC(34) Using 4 workers of 4 for evacuation
[2023-07-26T14:31:30.201+0530][gc,phases     ] GC(34)   Pre Evacuate Collection Set: 0.1ms
[2023-07-26T14:31:30.201+0530][gc,phases     ] GC(34)   Evacuate Collection Set: 11.4ms
[2023-07-26T14:31:30.202+0530][gc,phases     ] GC(34)   Post Evacuate Collection Set: 2.8ms
[2023-07-26T14:31:30.202+0530][gc,phases     ] GC(34)   Other: 0.9ms
[2023-07-26T14:31:30.202+0530][gc,heap       ] GC(34) Eden regions: 613->0(613)
[2023-07-26T14:31:30.202+0530][gc,heap       ] GC(34) Survivor regions: 1->1(77)
[2023-07-26T14:31:30.202+0530][gc,heap       ] GC(34) Old regions: 14->14
[2023-07-26T14:31:30.202+0530][gc,heap       ] GC(34) Humongous regions: 129->129
[2023-07-26T14:31:30.202+0530][gc,metaspace  ] GC(34) Metaspace: 44475K->44475K(1089536K)
[2023-07-26T14:31:30.202+0530][gc            ] GC(34) Pause Young (Normal) (G1 Evacuation Pause) 755M->142M(1024M) 16.092ms
[2023-07-26T14:31:30.202+0530][gc,cpu        ] GC(34) User=0.03s Sys=0.00s Real=0.02s
[2023-07-26T14:53:04.001+0530][gc,start      ] GC(35) Pause Young (Normal) (G1 Evacuation Pause)
[2023-07-26T14:53:04.002+0530][gc,task       ] GC(35) Using 4 workers of 4 for evacuation
[2023-07-26T14:53:04.012+0530][gc,phases     ] GC(35)   Pre Evacuate Collection Set: 0.1ms
[2023-07-26T14:53:04.013+0530][gc,phases     ] GC(35)   Evacuate Collection Set: 6.9ms
[2023-07-26T14:53:04.013+0530][gc,phases     ] GC(35)   Post Evacuate Collection Set: 2.8ms
[2023-07-26T14:53:04.013+0530][gc,phases     ] GC(35)   Other: 1.3ms
[2023-07-26T14:53:04.013+0530][gc,heap       ] GC(35) Eden regions: 613->0(613)
[2023-07-26T14:53:04.013+0530][gc,heap       ] GC(35) Survivor regions: 1->1(77)
[2023-07-26T14:53:04.013+0530][gc,heap       ] GC(35) Old regions: 14->14
[2023-07-26T14:53:04.013+0530][gc,heap       ] GC(35) Humongous regions: 129->129
[2023-07-26T14:53:04.013+0530][gc,metaspace  ] GC(35) Metaspace: 44495K->44495K(1089536K)
[2023-07-26T14:53:04.014+0530][gc            ] GC(35) Pause Young (Normal) (G1 Evacuation Pause) 755M->142M(1024M) 12.093ms
[2023-07-26T14:53:04.014+0530][gc,cpu        ] GC(35) User=0.02s Sys=0.00s Real=0.01s
[2023-07-26T15:14:38.134+0530][gc,start      ] GC(36) Pause Young (Normal) (G1 Evacuation Pause)
[2023-07-26T15:14:38.134+0530][gc,task       ] GC(36) Using 4 workers of 4 for evacuation
[2023-07-26T15:14:38.137+0530][gc,phases     ] GC(36)   Pre Evacuate Collection Set: 0.0ms
[2023-07-26T15:14:38.137+0530][gc,phases     ] GC(36)   Evacuate Collection Set: 1.1ms
[2023-07-26T15:14:38.137+0530][gc,phases     ] GC(36)   Post Evacuate Collection Set: 1.0ms
[2023-07-26T15:14:38.137+0530][gc,phases     ] GC(36)   Other: 0.4ms
[2023-07-26T15:14:38.137+0530][gc,heap       ] GC(36) Eden regions: 613->0(613)
[2023-07-26T15:14:38.137+0530][gc,heap       ] GC(36) Survivor regions: 1->1(77)
[2023-07-26T15:14:38.137+0530][gc,heap       ] GC(36) Old regions: 14->14
[2023-07-26T15:14:38.137+0530][gc,heap       ] GC(36) Humongous regions: 129->129
[2023-07-26T15:14:38.137+0530][gc,metaspace  ] GC(36) Metaspace: 44512K->44512K(1089536K)
[2023-07-26T15:14:38.137+0530][gc            ] GC(36) Pause Young (Normal) (G1 Evacuation Pause) 755M->142M(1024M) 2.600ms
[2023-07-26T15:14:38.137+0530][gc,cpu        ] GC(36) User=0.00s Sys=0.00s Real=0.01s
[2023-07-26T15:36:06.711+0530][gc,start      ] GC(37) Pause Young (Normal) (G1 Evacuation Pause)
[2023-07-26T15:36:06.712+0530][gc,task       ] GC(37) Using 4 workers of 4 for evacuation
[2023-07-26T15:36:06.720+0530][gc,phases     ] GC(37)   Pre Evacuate Collection Set: 0.1ms
[2023-07-26T15:36:06.720+0530][gc,phases     ] GC(37)   Evacuate Collection Set: 5.2ms
[2023-07-26T15:36:06.720+0530][gc,phases     ] GC(37)   Post Evacuate Collection Set: 2.1ms
[2023-07-26T15:36:06.720+0530][gc,phases     ] GC(37)   Other: 0.9ms
[2023-07-26T15:36:06.720+0530][gc,heap       ] GC(37) Eden regions: 613->0(613)
[2023-07-26T15:36:06.720+0530][gc,heap       ] GC(37) Survivor regions: 1->1(77)
[2023-07-26T15:36:06.720+0530][gc,heap       ] GC(37) Old regions: 14->14
[2023-07-26T15:36:06.720+0530][gc,heap       ] GC(37) Humongous regions: 129->129
[2023-07-26T15:36:06.720+0530][gc,metaspace  ] GC(37) Metaspace: 44512K->44512K(1089536K)
[2023-07-26T15:36:06.720+0530][gc            ] GC(37) Pause Young (Normal) (G1 Evacuation Pause) 755M->142M(1024M) 8.562ms
[2023-07-26T15:36:06.720+0530][gc,cpu        ] GC(37) User=0.02s Sys=0.01s Real=0.01s
[2023-07-26T15:57:35.082+0530][gc,start      ] GC(38) Pause Young (Normal) (G1 Evacuation Pause)
[2023-07-26T15:57:35.082+0530][gc,task       ] GC(38) Using 4 workers of 4 for evacuation
[2023-07-26T15:57:35.086+0530][gc,phases     ] GC(38)   Pre Evacuate Collection Set: 0.1ms
[2023-07-26T15:57:35.086+0530][gc,phases     ] GC(38)   Evacuate Collection Set: 2.0ms
[2023-07-26T15:57:35.086+0530][gc,phases     ] GC(38)   Post Evacuate Collection Set: 1.1ms
[2023-07-26T15:57:35.086+0530][gc,phases     ] GC(38)   Other: 0.9ms
[2023-07-26T15:57:35.086+0530][gc,heap       ] GC(38) Eden regions: 613->0(613)
[2023-07-26T15:57:35.086+0530][gc,heap       ] GC(38) Survivor regions: 1->1(77)
[2023-07-26T15:57:35.086+0530][gc,heap       ] GC(38) Old regions: 14->14
[2023-07-26T15:57:35.086+0530][gc,heap       ] GC(38) Humongous regions: 129->129
[2023-07-26T15:57:35.086+0530][gc,metaspace  ] GC(38) Metaspace: 44512K->44512K(1089536K)
[2023-07-26T15:57:35.086+0530][gc            ] GC(38) Pause Young (Normal) (G1 Evacuation Pause) 755M->142M(1024M) 4.276ms
[2023-07-26T15:57:35.086+0530][gc,cpu        ] GC(38) User=0.00s Sys=0.00s Real=0.00s
[2023-07-26T16:18:58.810+0530][gc,start      ] GC(39) Pause Young (Normal) (G1 Evacuation Pause)
[2023-07-26T16:18:58.810+0530][gc,task       ] GC(39) Using 4 workers of 4 for evacuation
[2023-07-26T16:18:58.813+0530][gc,phases     ] GC(39)   Pre Evacuate Collection Set: 0.0ms
[2023-07-26T16:18:58.813+0530][gc,phases     ] GC(39)   Evacuate Collection Set: 1.4ms
[2023-07-26T16:18:58.813+0530][gc,phases     ] GC(39)   Post Evacuate Collection Set: 0.7ms
[2023-07-26T16:18:58.813+0530][gc,phases     ] GC(39)   Other: 0.4ms
[2023-07-26T16:18:58.813+0530][gc,heap       ] GC(39) Eden regions: 613->0(613)
[2023-07-26T16:18:58.813+0530][gc,heap       ] GC(39) Survivor regions: 1->1(77)
[2023-07-26T16:18:58.813+0530][gc,heap       ] GC(39) Old regions: 14->14
[2023-07-26T16:18:58.813+0530][gc,heap       ] GC(39) Humongous regions: 129->129
[2023-07-26T16:18:58.813+0530][gc,metaspace  ] GC(39) Metaspace: 44513K->44513K(1089536K)
[2023-07-26T16:18:58.813+0530][gc            ] GC(39) Pause Young (Normal) (G1 Evacuation Pause) 755M->142M(1024M) 2.645ms
[2023-07-26T16:18:58.813+0530][gc,cpu        ] GC(39) User=0.00s Sys=0.00s Real=0.00s
[2023-07-26T16:40:20.986+0530][gc,start      ] GC(40) Pause Young (Normal) (G1 Evacuation Pause)
[2023-07-26T16:40:20.986+0530][gc,task       ] GC(40) Using 4 workers of 4 for evacuation
[2023-07-26T16:40:20.989+0530][gc,phases     ] GC(40)   Pre Evacuate Collection Set: 0.0ms
[2023-07-26T16:40:20.989+0530][gc,phases     ] GC(40)   Evacuate Collection Set: 2.2ms
[2023-07-26T16:40:20.989+0530][gc,phases     ] GC(40)   Post Evacuate Collection Set: 1.2ms
[2023-07-26T16:40:20.989+0530][gc,phases     ] GC(40)   Other: 0.3ms
[2023-07-26T16:40:20.990+0530][gc,heap       ] GC(40) Eden regions: 613->0(613)
[2023-07-26T16:40:20.990+0530][gc,heap       ] GC(40) Survivor regions: 1->1(77)
[2023-07-26T16:40:20.990+0530][gc,heap       ] GC(40) Old regions: 14->14
[2023-07-26T16:40:20.990+0530][gc,heap       ] GC(40) Humongous regions: 129->129
[2023-07-26T16:40:20.990+0530][gc,metaspace  ] GC(40) Metaspace: 44513K->44513K(1089536K)
[2023-07-26T16:40:20.990+0530][gc            ] GC(40) Pause Young (Normal) (G1 Evacuation Pause) 755M->142M(1024M) 3.916ms
[2023-07-26T16:40:20.990+0530][gc,cpu        ] GC(40) User=0.01s Sys=0.00s Real=0.01s
[2023-07-26T17:01:51.636+0530][gc,start      ] GC(41) Pause Young (Normal) (G1 Evacuation Pause)
[2023-07-26T17:01:51.636+0530][gc,task       ] GC(41) Using 4 workers of 4 for evacuation
[2023-07-26T17:01:51.641+0530][gc,phases     ] GC(41)   Pre Evacuate Collection Set: 0.0ms
[2023-07-26T17:01:51.641+0530][gc,phases     ] GC(41)   Evacuate Collection Set: 3.5ms
[2023-07-26T17:01:51.641+0530][gc,phases     ] GC(41)   Post Evacuate Collection Set: 1.2ms
[2023-07-26T17:01:51.641+0530][gc,phases     ] GC(41)   Other: 0.4ms
[2023-07-26T17:01:51.641+0530][gc,heap       ] GC(41) Eden regions: 613->0(613)
[2023-07-26T17:01:51.641+0530][gc,heap       ] GC(41) Survivor regions: 1->1(77)
[2023-07-26T17:01:51.641+0530][gc,heap       ] GC(41) Old regions: 14->14
[2023-07-26T17:01:51.641+0530][gc,heap       ] GC(41) Humongous regions: 129->129
[2023-07-26T17:01:51.641+0530][gc,metaspace  ] GC(41) Metaspace: 44525K->44525K(1089536K)
[2023-07-26T17:01:51.641+0530][gc            ] GC(41) Pause Young (Normal) (G1 Evacuation Pause) 755M->142M(1024M) 5.342ms
[2023-07-26T17:01:51.641+0530][gc,cpu        ] GC(41) User=0.01s Sys=0.00s Real=0.00s
[2023-07-26T17:23:21.646+0530][gc,start      ] GC(42) Pause Young (Normal) (G1 Evacuation Pause)
[2023-07-26T17:23:21.646+0530][gc,task       ] GC(42) Using 4 workers of 4 for evacuation
[2023-07-26T17:23:21.659+0530][gc,phases     ] GC(42)   Pre Evacuate Collection Set: 0.1ms
[2023-07-26T17:23:21.659+0530][gc,phases     ] GC(42)   Evacuate Collection Set: 10.4ms
[2023-07-26T17:23:21.659+0530][gc,phases     ] GC(42)   Post Evacuate Collection Set: 1.4ms
[2023-07-26T17:23:21.659+0530][gc,phases     ] GC(42)   Other: 1.2ms
[2023-07-26T17:23:21.659+0530][gc,heap       ] GC(42) Eden regions: 613->0(613)
[2023-07-26T17:23:21.659+0530][gc,heap       ] GC(42) Survivor regions: 1->1(77)
[2023-07-26T17:23:21.659+0530][gc,heap       ] GC(42) Old regions: 14->14
[2023-07-26T17:23:21.659+0530][gc,heap       ] GC(42) Humongous regions: 129->129
[2023-07-26T17:23:21.659+0530][gc,metaspace  ] GC(42) Metaspace: 44528K->44528K(1089536K)
[2023-07-26T17:23:21.659+0530][gc            ] GC(42) Pause Young (Normal) (G1 Evacuation Pause) 755M->142M(1024M) 13.254ms
[2023-07-26T17:23:21.660+0530][gc,cpu        ] GC(42) User=0.01s Sys=0.00s Real=0.02s
[2023-07-26T18:44:32.152+0530][gc,heap,exit  ] Heap
[2023-07-26T18:44:32.152+0530][gc,heap,exit  ]  garbage-first heap   total 1048576K, used 242221K [0x00000000c0000000, 0x0000000100000000)
[2023-07-26T18:44:32.152+0530][gc,heap,exit  ]   region size 1024K, 97 young (99328K), 1 survivors (1024K)
[2023-07-26T18:44:32.152+0530][gc,heap,exit  ]  Metaspace       used 45195K, capacity 46765K, committed 47024K, reserved 1091584K
[2023-07-26T18:44:32.152+0530][gc,heap,exit  ]   class space    used 5044K, capacity 5798K, committed 5888K, reserved 1048576K
