[2023-07-28T14:50:33.835+0530][gc,heap] Heap region size: 1M
[2023-07-28T14:50:33.843+0530][gc     ] Using G1
[2023-07-28T14:50:33.843+0530][gc,heap,coops] Heap address: 0x00000000e0000000, size: 512 MB, Compressed Oops mode: 32-bit
[2023-07-28T14:50:35.223+0530][gc,start     ] GC(0) Pause Young (Normal) (G1 Evacuation Pause)
[2023-07-28T14:50:35.223+0530][gc,task      ] GC(0) Using 4 workers of 4 for evacuation
[2023-07-28T14:50:35.234+0530][gc,phases    ] GC(0)   Pre Evacuate Collection Set: 0.0ms
[2023-07-28T14:50:35.234+0530][gc,phases    ] GC(0)   Evacuate Collection Set: 9.9ms
[2023-07-28T14:50:35.234+0530][gc,phases    ] GC(0)   Post Evacuate Collection Set: 0.5ms
[2023-07-28T14:50:35.234+0530][gc,phases    ] GC(0)   Other: 0.6ms
[2023-07-28T14:50:35.234+0530][gc,heap      ] GC(0) Eden regions: 25->0(21)
[2023-07-28T14:50:35.234+0530][gc,heap      ] GC(0) Survivor regions: 0->4(4)
[2023-07-28T14:50:35.234+0530][gc,heap      ] GC(0) Old regions: 0->4
[2023-07-28T14:50:35.234+0530][gc,heap      ] GC(0) Humongous regions: 0->0
[2023-07-28T14:50:35.234+0530][gc,metaspace ] GC(0) Metaspace: 14928K->14928K(1062912K)
[2023-07-28T14:50:35.234+0530][gc           ] GC(0) Pause Young (Normal) (G1 Evacuation Pause) 25M->7M(512M) 11.164ms
[2023-07-28T14:50:35.234+0530][gc,cpu       ] GC(0) User=0.02s Sys=0.00s Real=0.01s
