[2023-07-26T10:27:58.840+0530][gc,heap] Heap region size: 1M
[2023-07-26T10:27:58.848+0530][gc     ] Using G1
[2023-07-26T10:27:58.848+0530][gc,heap,coops] Heap address: 0x00000000e0000000, size: 512 MB, Compressed Oops mode: 32-bit
[2023-07-26T10:28:00.151+0530][gc,start     ] GC(0) Pause Young (Normal) (G1 Evacuation Pause)
[2023-07-26T10:28:00.152+0530][gc,task      ] GC(0) Using 4 workers of 4 for evacuation
[2023-07-26T10:28:00.160+0530][gc,phases    ] GC(0)   Pre Evacuate Collection Set: 0.0ms
[2023-07-26T10:28:00.160+0530][gc,phases    ] GC(0)   Evacuate Collection Set: 8.0ms
[2023-07-26T10:28:00.160+0530][gc,phases    ] GC(0)   Post Evacuate Collection Set: 0.5ms
[2023-07-26T10:28:00.160+0530][gc,phases    ] GC(0)   Other: 0.6ms
[2023-07-26T10:28:00.160+0530][gc,heap      ] GC(0) Eden regions: 25->0(21)
[2023-07-26T10:28:00.160+0530][gc,heap      ] GC(0) Survivor regions: 0->4(4)
[2023-07-26T10:28:00.160+0530][gc,heap      ] GC(0) Old regions: 0->4
[2023-07-26T10:28:00.160+0530][gc,heap      ] GC(0) Humongous regions: 0->0
[2023-07-26T10:28:00.160+0530][gc,metaspace ] GC(0) Metaspace: 14953K->14953K(1062912K)
[2023-07-26T10:28:00.160+0530][gc           ] GC(0) Pause Young (Normal) (G1 Evacuation Pause) 25M->7M(512M) 9.176ms
[2023-07-26T10:28:00.160+0530][gc,cpu       ] GC(0) User=0.02s Sys=0.00s Real=0.01s
[2023-07-26T14:08:59.507+0530][gc,start     ] GC(1) Pause Young (Normal) (G1 Evacuation Pause)
[2023-07-26T14:08:59.508+0530][gc,task      ] GC(1) Using 4 workers of 4 for evacuation
[2023-07-26T14:08:59.520+0530][gc,phases    ] GC(1)   Pre Evacuate Collection Set: 0.1ms
[2023-07-26T14:08:59.520+0530][gc,phases    ] GC(1)   Evacuate Collection Set: 11.3ms
[2023-07-26T14:08:59.520+0530][gc,phases    ] GC(1)   Post Evacuate Collection Set: 0.5ms
[2023-07-26T14:08:59.520+0530][gc,phases    ] GC(1)   Other: 0.7ms
[2023-07-26T14:08:59.520+0530][gc,heap      ] GC(1) Eden regions: 21->0(24)
[2023-07-26T14:08:59.520+0530][gc,heap      ] GC(1) Survivor regions: 4->1(4)
[2023-07-26T14:08:59.520+0530][gc,heap      ] GC(1) Old regions: 4->8
[2023-07-26T14:08:59.520+0530][gc,heap      ] GC(1) Humongous regions: 0->0
[2023-07-26T14:08:59.520+0530][gc,metaspace ] GC(1) Metaspace: 16969K->16969K(1064960K)
[2023-07-26T14:08:59.520+0530][gc           ] GC(1) Pause Young (Normal) (G1 Evacuation Pause) 28M->7M(512M) 12.754ms
[2023-07-26T14:08:59.520+0530][gc,cpu       ] GC(1) User=0.02s Sys=0.01s Real=0.01s
[2023-07-26T17:25:39.909+0530][gc,heap,exit ] Heap
[2023-07-26T17:25:39.914+0530][gc,heap,exit ]  garbage-first heap   total 524288K, used 19164K [0x00000000e0000000, 0x0000000100000000)
[2023-07-26T17:25:39.914+0530][gc,heap,exit ]   region size 1024K, 13 young (13312K), 1 survivors (1024K)
[2023-07-26T17:25:39.914+0530][gc,heap,exit ]  Metaspace       used 16991K, capacity 17405K, committed 17792K, reserved 1064960K
[2023-07-26T17:25:39.914+0530][gc,heap,exit ]   class space    used 1653K, capacity 1827K, committed 1920K, reserved 1048576K
